proxy server on http://localhost:8787 [Ashare+Tencent]
=== 启动数据补全检查 ===
[启动检查] 发现 17 个缺失的交易日: [
  '2026-02-10', '2026-02-11',
  '2026-02-12', '2026-02-13',
  '2026-02-23', '2026-02-24',
  '2026-02-25', '2026-02-26',
  '2026-02-27', '2026-03-02',
  '2026-03-03', '2026-03-04',
  '2026-03-05', '2026-03-06',
  '2026-03-09', '2026-03-10',
  '2026-03-11'
]
[补全数据] 开始补全 2026-02-10 的日线数据...
[补全数据] ✅ 2026-02-10 日线数据补全完成
[补全数据] 开始补全 2026-02-11 的日线数据...
[补全数据] ✅ 2026-02-11 日线数据补全完成
[补全数据] 开始补全 2026-02-12 的日线数据...
[补全数据] ✅ 2026-02-12 日线数据补全完成
[补全数据] 开始补全 2026-02-13 的日线数据...
[补全数据] ✅ 2026-02-13 日线数据补全完成
[补全数据] 开始补全 2026-02-23 的日线数据...
[补全数据] ⚠️  2026-02-23 无日线数据（可能是节假日）
[补全数据] 开始补全 2026-02-24 的日线数据...
[补全数据] ✅ 2026-02-24 日线数据补全完成
[补全数据] 开始补全 2026-02-25 的日线数据...
[补全数据] ✅ 2026-02-25 日线数据补全完成
[补全数据] 开始补全 2026-02-26 的日线数据...
[补全数据] ✅ 2026-02-26 日线数据补全完成
[补全数据] 开始补全 2026-02-27 的日线数据...
[补全数据] ✅ 2026-02-27 日线数据补全完成
[补全数据] 开始补全 2026-03-02 的日线数据...
[补全数据] ✅ 2026-03-02 日线数据补全完成
[补全数据] 开始补全 2026-03-03 的日线数据...
[补全数据] ✅ 2026-03-03 日线数据补全完成
[补全数据] 开始补全 2026-03-04 的日线数据...
[补全数据] ✅ 2026-03-04 日线数据补全完成
[补全数据] 开始补全 2026-03-05 的日线数据...
[补全数据] ✅ 2026-03-05 日线数据补全完成
[补全数据] 开始补全 2026-03-06 的日线数据...
[补全数据] ✅ 2026-03-06 日线数据补全完成
[补全数据] 开始补全 2026-03-09 的日线数据...
[补全数据] ✅ 2026-03-09 日线数据补全完成
[补全数据] 开始补全 2026-03-10 的日线数据...
[补全数据] ✅ 2026-03-10 日线数据补全完成
[补全数据] 开始补全 2026-03-11 的日线数据...
[补全数据] ✅ 2026-03-11 日线数据补全完成
[启动检查] 补全完成: 16/17 个日期成功
[Warmup] ✅ 数据最新 (2026-03-12)，无需更新
=== 启动数据补全完成 ===
ETF minute fetch failed for sh516510: TypeError: Cannot read properties of null (reading 'data')
    at fetchOne (/Users/una5577/Documents/trae_projects/a-stock-monitor/server.js:4099:29)
    at process.processTicksAndRejections (node:internal/process/task_queues:104:5)
    at async Server.<anonymous> (/Users/una5577/Documents/trae_projects/a-stock-monitor/server.js:4117:32)
ETF minute fetch failed for sh512480: TypeError: Cannot read properties of null (reading 'data')
    at fetchOne (/Users/una5577/Documents/trae_projects/a-stock-monitor/server.js:4099:29)
    at process.processTicksAndRejections (node:internal/process/task_queues:104:5)
    at async Server.<anonymous> (/Users/una5577/Documents/trae_projects/a-stock-monitor/server.js:4117:32)
ETF minute fetch failed for sh512400: TypeError: Cannot read properties of null (reading 'data')
    at fetchOne (/Users/una5577/Documents/trae_projects/a-stock-monitor/server.js:4099:29)
    at process.processTicksAndRejections (node:internal/process/task_queues:104:5)
    at async Server.<anonymous> (/Users/una5577/Documents/trae_projects/a-stock-monitor/server.js:4117:32)
ETF minute fetch failed for sh515120: TypeError: Cannot read properties of null (reading 'data')
    at fetchOne (/Users/una5577/Documents/trae_projects/a-stock-monitor/server.js:4099:29)
    at process.processTicksAndRejections (node:internal/process/task_queues:104:5)
    at async Server.<anonymous> (/Users/una5577/Documents/trae_projects/a-stock-monitor/server.js:4117:32)
ETF minute fetch failed for sh563530: TypeError: Cannot read properties of null (reading 'data')
    at fetchOne (/Users/una5577/Documents/trae_projects/a-stock-monitor/server.js:4099:29)
    at process.processTicksAndRejections (node:internal/process/task_queues:104:5)
    at async Server.<anonymous> (/Users/una5577/Documents/trae_projects/a-stock-monitor/server.js:4117:32)
ETF minute fetch failed for sh516160: TypeError: Cannot read properties of null (reading 'data')
    at fetchOne (/Users/una5577/Documents/trae_projects/a-stock-monitor/server.js:4099:29)
    at process.processTicksAndRejections (node:internal/process/task_queues:104:5)
    at async Server.<anonymous> (/Users/una5577/Documents/trae_projects/a-stock-monitor/server.js:4117:32)
ETF minute fetch failed for sh515880: TypeError: Cannot read properties of null (reading 'data')
    at fetchOne (/Users/una5577/Documents/trae_projects/a-stock-monitor/server.js:4099:29)
    at process.processTicksAndRejections (node:internal/process/task_queues:104:5)
    at async Server.<anonymous> (/Users/una5577/Documents/trae_projects/a-stock-monitor/server.js:4117:32)
ETF minute fetch failed for sh562500: TypeError: Cannot read properties of null (reading 'data')
    at fetchOne (/Users/una5577/Documents/trae_projects/a-stock-monitor/server.js:4099:29)
    at process.processTicksAndRejections (node:internal/process/task_queues:104:5)
    at async Server.<anonymous> (/Users/una5577/Documents/trae_projects/a-stock-monitor/server.js:4117:32)
ETF minute fetch failed for sh516010: TypeError: Cannot read properties of null (reading 'data')
    at fetchOne (/Users/una5577/Documents/trae_projects/a-stock-monitor/server.js:4099:29)
    at process.processTicksAndRejections (node:internal/process/task_queues:104:5)
    at async Server.<anonymous> (/Users/una5577/Documents/trae_projects/a-stock-monitor/server.js:4117:32)
