2026-03-12 22:15:16,581 - __main__ - INFO - ================================================================================
2026-03-12 22:15:16,581 - __main__ - INFO - 开始自检
2026-03-12 22:15:16,581 - __main__ - INFO - ================================================================================
2026-03-12 22:15:16,581 - __main__ - WARNING - 发现缺失数据: 23天
2026-03-12 22:15:16,581 - __main__ - INFO - 缺失日期: ['2026-02-10', '2026-02-11', '2026-02-12', '2026-02-13', '2026-02-16', '2026-02-17', '2026-02-18', '2026-02-19', '2026-02-20', '2026-02-23', '2026-02-24', '2026-02-25', '2026-02-26', '2026-02-27', '2026-03-02', '2026-03-03', '2026-03-04', '2026-03-05', '2026-03-06', '2026-03-09', '2026-03-10', '2026-03-11', '2026-03-12']
2026-03-12 22:15:16,581 - __main__ - INFO - 开始补齐 23 天的基准数据
2026-03-12 22:15:16,581 - __main__ - INFO - 补齐: 2026-02-10
2026-03-12 22:37:37,283 - __main__ - INFO - ================================================================================
2026-03-12 22:37:37,283 - __main__ - INFO - 开始自检
2026-03-12 22:37:37,283 - __main__ - INFO - ================================================================================
2026-03-12 22:37:37,284 - __main__ - WARNING - 发现缺失数据: 23天
2026-03-12 22:37:37,284 - __main__ - INFO - 缺失日期: ['2026-02-10', '2026-02-11', '2026-02-12', '2026-02-13', '2026-02-16', '2026-02-17', '2026-02-18', '2026-02-19', '2026-02-20', '2026-02-23', '2026-02-24', '2026-02-25', '2026-02-26', '2026-02-27', '2026-03-02', '2026-03-03', '2026-03-04', '2026-03-05', '2026-03-06', '2026-03-09', '2026-03-10', '2026-03-11', '2026-03-12']
2026-03-12 22:37:37,284 - __main__ - INFO - 开始自动补齐...
2026-03-12 22:37:37,284 - __main__ - INFO - 开始自动补齐 23 天的基准数据
2026-03-12 22:37:37,284 - __main__ - INFO - 计算: 2026-02-10
2026-03-12 22:37:37,474 - __main__ - ERROR - 保存基准数据失败: Object of type bool is not JSON serializable
2026-03-12 22:37:37,474 - __main__ - INFO - ✅ 完成: 2026-02-10, 9个ETF, 1个独立行情
2026-03-12 22:37:37,474 - __main__ - INFO - 计算: 2026-02-11
2026-03-12 22:37:37,662 - __main__ - ERROR - 加载现有数据失败: Expecting value: line 8 column 21 (char 152)
2026-03-12 22:37:37,662 - __main__ - ERROR - 保存基准数据失败: Object of type bool is not JSON serializable
2026-03-12 22:37:37,663 - __main__ - INFO - ✅ 完成: 2026-02-11, 9个ETF, 1个独立行情
2026-03-12 22:37:37,663 - __main__ - INFO - 计算: 2026-02-12
2026-03-12 22:37:37,848 - __main__ - ERROR - 加载现有数据失败: Expecting value: line 8 column 21 (char 152)
2026-03-12 22:37:37,848 - __main__ - ERROR - 保存基准数据失败: Object of type bool is not JSON serializable
2026-03-12 22:37:37,848 - __main__ - INFO - ✅ 完成: 2026-02-12, 9个ETF, 1个独立行情
2026-03-12 22:37:37,848 - __main__ - INFO - 计算: 2026-02-13
2026-03-12 22:37:38,024 - __main__ - ERROR - 加载现有数据失败: Expecting value: line 8 column 21 (char 152)
2026-03-12 22:37:38,025 - __main__ - ERROR - 保存基准数据失败: Object of type bool is not JSON serializable
2026-03-12 22:37:38,025 - __main__ - INFO - ✅ 完成: 2026-02-13, 9个ETF, 1个独立行情
2026-03-12 22:37:38,025 - __main__ - INFO - 计算: 2026-02-16
2026-03-12 22:37:38,211 - __main__ - ERROR - 加载现有数据失败: Expecting value: line 8 column 21 (char 152)
2026-03-12 22:37:38,211 - __main__ - ERROR - 保存基准数据失败: Object of type bool is not JSON serializable
2026-03-12 22:37:38,211 - __main__ - INFO - ✅ 完成: 2026-02-16, 9个ETF, 1个独立行情
2026-03-12 22:37:38,211 - __main__ - INFO - 计算: 2026-02-17
2026-03-12 22:37:38,403 - __main__ - ERROR - 加载现有数据失败: Expecting value: line 8 column 21 (char 151)
2026-03-12 22:37:38,404 - __main__ - ERROR - 保存基准数据失败: Object of type bool is not JSON serializable
2026-03-12 22:37:38,404 - __main__ - INFO - ✅ 完成: 2026-02-17, 9个ETF, 1个独立行情
2026-03-12 22:37:38,404 - __main__ - INFO - 计算: 2026-02-18
2026-03-12 22:37:38,613 - __main__ - ERROR - 加载现有数据失败: Expecting value: line 8 column 21 (char 151)
2026-03-12 22:37:38,614 - __main__ - ERROR - 保存基准数据失败: Object of type bool is not JSON serializable
2026-03-12 22:37:38,614 - __main__ - INFO - ✅ 完成: 2026-02-18, 9个ETF, 1个独立行情
2026-03-12 22:37:38,614 - __main__ - INFO - 计算: 2026-02-19
2026-03-12 22:37:38,833 - __main__ - ERROR - 加载现有数据失败: Expecting value: line 8 column 21 (char 151)
2026-03-12 22:37:38,834 - __main__ - ERROR - 保存基准数据失败: Object of type bool is not JSON serializable
2026-03-12 22:37:38,834 - __main__ - INFO - ✅ 完成: 2026-02-19, 9个ETF, 1个独立行情
2026-03-12 22:37:38,834 - __main__ - INFO - 计算: 2026-02-20
2026-03-12 22:37:39,019 - __main__ - ERROR - 加载现有数据失败: Expecting value: line 8 column 21 (char 151)
2026-03-12 22:37:39,020 - __main__ - ERROR - 保存基准数据失败: Object of type bool is not JSON serializable
2026-03-12 22:37:39,020 - __main__ - INFO - ✅ 完成: 2026-02-20, 9个ETF, 1个独立行情
2026-03-12 22:37:39,020 - __main__ - INFO - 计算: 2026-02-23
2026-03-12 22:37:39,199 - __main__ - ERROR - 加载现有数据失败: Expecting value: line 8 column 21 (char 151)
2026-03-12 22:37:39,199 - __main__ - ERROR - 保存基准数据失败: Object of type bool is not JSON serializable
2026-03-12 22:37:39,199 - __main__ - INFO - ✅ 完成: 2026-02-23, 9个ETF, 1个独立行情
2026-03-12 22:37:39,199 - __main__ - INFO - 计算: 2026-02-24
2026-03-12 22:37:39,380 - __main__ - ERROR - 加载现有数据失败: Expecting value: line 8 column 21 (char 151)
2026-03-12 22:37:39,380 - __main__ - ERROR - 保存基准数据失败: Object of type bool is not JSON serializable
2026-03-12 22:37:39,380 - __main__ - INFO - ✅ 完成: 2026-02-24, 9个ETF, 1个独立行情
2026-03-12 22:37:39,380 - __main__ - INFO - 计算: 2026-02-25
2026-03-12 22:37:39,564 - __main__ - ERROR - 加载现有数据失败: Expecting value: line 8 column 21 (char 151)
2026-03-12 22:37:39,565 - __main__ - ERROR - 保存基准数据失败: Object of type bool is not JSON serializable
2026-03-12 22:37:39,565 - __main__ - INFO - ✅ 完成: 2026-02-25, 9个ETF, 1个独立行情
2026-03-12 22:37:39,565 - __main__ - INFO - 计算: 2026-02-26
2026-03-12 22:37:39,758 - __main__ - ERROR - 加载现有数据失败: Expecting value: line 8 column 21 (char 152)
2026-03-12 22:37:39,758 - __main__ - ERROR - 保存基准数据失败: Object of type bool is not JSON serializable
2026-03-12 22:37:39,758 - __main__ - INFO - ✅ 完成: 2026-02-26, 9个ETF, 1个独立行情
2026-03-12 22:37:39,758 - __main__ - INFO - 计算: 2026-02-27
2026-03-12 22:37:39,944 - __main__ - ERROR - 加载现有数据失败: Expecting value: line 8 column 21 (char 152)
2026-03-12 22:37:39,944 - __main__ - ERROR - 保存基准数据失败: Object of type bool is not JSON serializable
2026-03-12 22:37:39,944 - __main__ - INFO - ✅ 完成: 2026-02-27, 9个ETF, 1个独立行情
2026-03-12 22:37:39,944 - __main__ - INFO - 计算: 2026-03-02
2026-03-12 22:37:40,168 - __main__ - ERROR - 加载现有数据失败: Expecting value: line 8 column 21 (char 152)
2026-03-12 22:37:40,168 - __main__ - ERROR - 保存基准数据失败: Object of type bool is not JSON serializable
2026-03-12 22:37:40,168 - __main__ - INFO - ✅ 完成: 2026-03-02, 9个ETF, 1个独立行情
2026-03-12 22:37:40,168 - __main__ - INFO - 计算: 2026-03-03
2026-03-12 22:37:40,367 - __main__ - ERROR - 加载现有数据失败: Expecting value: line 8 column 21 (char 152)
2026-03-12 22:37:40,368 - __main__ - ERROR - 保存基准数据失败: Object of type bool is not JSON serializable
2026-03-12 22:37:40,368 - __main__ - INFO - ✅ 完成: 2026-03-03, 9个ETF, 1个独立行情
2026-03-12 22:37:40,368 - __main__ - INFO - 计算: 2026-03-04
2026-03-12 22:37:40,544 - __main__ - ERROR - 加载现有数据失败: Expecting value: line 8 column 21 (char 152)
2026-03-12 22:37:40,544 - __main__ - ERROR - 保存基准数据失败: Object of type bool is not JSON serializable
2026-03-12 22:37:40,544 - __main__ - INFO - ✅ 完成: 2026-03-04, 9个ETF, 1个独立行情
2026-03-12 22:37:40,544 - __main__ - INFO - 计算: 2026-03-05
2026-03-12 22:37:40,746 - __main__ - ERROR - 加载现有数据失败: Expecting value: line 8 column 21 (char 152)
2026-03-12 22:37:40,747 - __main__ - ERROR - 保存基准数据失败: Object of type bool is not JSON serializable
2026-03-12 22:37:40,747 - __main__ - INFO - ✅ 完成: 2026-03-05, 9个ETF, 1个独立行情
2026-03-12 22:37:40,747 - __main__ - INFO - 计算: 2026-03-06
2026-03-12 22:37:40,931 - __main__ - ERROR - 加载现有数据失败: Expecting value: line 8 column 21 (char 152)
2026-03-12 22:37:40,931 - __main__ - ERROR - 保存基准数据失败: Object of type bool is not JSON serializable
2026-03-12 22:37:40,931 - __main__ - INFO - ✅ 完成: 2026-03-06, 9个ETF, 1个独立行情
2026-03-12 22:37:40,931 - __main__ - INFO - 计算: 2026-03-09
2026-03-12 22:37:41,165 - __main__ - ERROR - 加载现有数据失败: Expecting value: line 8 column 21 (char 152)
2026-03-12 22:37:41,165 - __main__ - ERROR - 保存基准数据失败: Object of type bool is not JSON serializable
2026-03-12 22:37:41,165 - __main__ - INFO - ✅ 完成: 2026-03-09, 9个ETF, 1个独立行情
2026-03-12 22:37:41,165 - __main__ - INFO - 计算: 2026-03-10
2026-03-12 22:37:41,349 - __main__ - ERROR - 加载现有数据失败: Expecting value: line 8 column 21 (char 152)
2026-03-12 22:37:41,350 - __main__ - ERROR - 保存基准数据失败: Object of type bool is not JSON serializable
2026-03-12 22:37:41,350 - __main__ - INFO - ✅ 完成: 2026-03-10, 9个ETF, 1个独立行情
2026-03-12 22:37:41,350 - __main__ - INFO - 计算: 2026-03-11
2026-03-12 22:37:41,543 - __main__ - ERROR - 加载现有数据失败: Expecting value: line 8 column 21 (char 152)
2026-03-12 22:37:41,543 - __main__ - ERROR - 保存基准数据失败: Object of type bool is not JSON serializable
2026-03-12 22:37:41,543 - __main__ - INFO - ✅ 完成: 2026-03-11, 9个ETF, 1个独立行情
2026-03-12 22:37:41,543 - __main__ - INFO - 计算: 2026-03-12
2026-03-12 22:37:41,750 - __main__ - ERROR - 加载现有数据失败: Expecting value: line 8 column 21 (char 152)
2026-03-12 22:37:41,750 - __main__ - ERROR - 保存基准数据失败: Object of type bool is not JSON serializable
2026-03-12 22:37:41,750 - __main__ - INFO - ✅ 完成: 2026-03-12, 9个ETF, 1个独立行情
2026-03-12 22:42:39,153 - __main__ - INFO - ================================================================================
2026-03-12 22:42:39,153 - __main__ - INFO - 开始自检
2026-03-12 22:42:39,153 - __main__ - INFO - ================================================================================
2026-03-12 22:42:39,153 - __main__ - WARNING - 发现缺失数据: 23天
2026-03-12 22:42:39,153 - __main__ - INFO - 缺失日期: ['2026-02-10', '2026-02-11', '2026-02-12', '2026-02-13', '2026-02-16', '2026-02-17', '2026-02-18', '2026-02-19', '2026-02-20', '2026-02-23', '2026-02-24', '2026-02-25', '2026-02-26', '2026-02-27', '2026-03-02', '2026-03-03', '2026-03-04', '2026-03-05', '2026-03-06', '2026-03-09', '2026-03-10', '2026-03-11', '2026-03-12']
2026-03-12 22:42:39,154 - __main__ - INFO - 开始自动补齐...
2026-03-12 22:42:39,154 - __main__ - INFO - 开始自动补齐 23 天的基准数据
2026-03-12 22:42:39,154 - __main__ - INFO - 计算: 2026-02-10
2026-03-12 22:42:39,350 - __main__ - INFO - 基准数据已保存: data/etf_benchmarks.json, 总记录数: 9
2026-03-12 22:42:39,351 - __main__ - INFO - ✅ 完成: 2026-02-10, 9个ETF, 1个独立行情
2026-03-12 22:42:39,351 - __main__ - INFO - 计算: 2026-02-11
2026-03-12 22:42:39,564 - __main__ - INFO - 基准数据已保存: data/etf_benchmarks.json, 总记录数: 18
2026-03-12 22:42:39,564 - __main__ - INFO - ✅ 完成: 2026-02-11, 9个ETF, 1个独立行情
2026-03-12 22:42:39,564 - __main__ - INFO - 计算: 2026-02-12
2026-03-12 22:42:39,774 - __main__ - INFO - 基准数据已保存: data/etf_benchmarks.json, 总记录数: 27
2026-03-12 22:42:39,774 - __main__ - INFO - ✅ 完成: 2026-02-12, 9个ETF, 1个独立行情
2026-03-12 22:42:39,774 - __main__ - INFO - 计算: 2026-02-13
2026-03-12 22:42:39,958 - __main__ - INFO - 基准数据已保存: data/etf_benchmarks.json, 总记录数: 36
2026-03-12 22:42:39,958 - __main__ - INFO - ✅ 完成: 2026-02-13, 9个ETF, 1个独立行情
2026-03-12 22:42:39,958 - __main__ - INFO - 计算: 2026-02-16
2026-03-12 22:42:40,155 - __main__ - INFO - 基准数据已保存: data/etf_benchmarks.json, 总记录数: 45
2026-03-12 22:42:40,155 - __main__ - INFO - ✅ 完成: 2026-02-16, 9个ETF, 1个独立行情
2026-03-12 22:42:40,155 - __main__ - INFO - 计算: 2026-02-17
2026-03-12 22:42:40,338 - __main__ - INFO - 基准数据已保存: data/etf_benchmarks.json, 总记录数: 54
2026-03-12 22:42:40,338 - __main__ - INFO - ✅ 完成: 2026-02-17, 9个ETF, 1个独立行情
2026-03-12 22:42:40,338 - __main__ - INFO - 计算: 2026-02-18
2026-03-12 22:42:40,552 - __main__ - INFO - 基准数据已保存: data/etf_benchmarks.json, 总记录数: 63
2026-03-12 22:42:40,552 - __main__ - INFO - ✅ 完成: 2026-02-18, 9个ETF, 1个独立行情
2026-03-12 22:42:40,552 - __main__ - INFO - 计算: 2026-02-19
2026-03-12 22:42:40,735 - __main__ - INFO - 基准数据已保存: data/etf_benchmarks.json, 总记录数: 72
2026-03-12 22:42:40,735 - __main__ - INFO - ✅ 完成: 2026-02-19, 9个ETF, 1个独立行情
2026-03-12 22:42:40,735 - __main__ - INFO - 计算: 2026-02-20
2026-03-12 22:42:40,922 - __main__ - INFO - 基准数据已保存: data/etf_benchmarks.json, 总记录数: 81
2026-03-12 22:42:40,922 - __main__ - INFO - ✅ 完成: 2026-02-20, 9个ETF, 1个独立行情
2026-03-12 22:42:40,922 - __main__ - INFO - 计算: 2026-02-23
2026-03-12 22:42:41,158 - __main__ - INFO - 基准数据已保存: data/etf_benchmarks.json, 总记录数: 90
2026-03-12 22:42:41,158 - __main__ - INFO - ✅ 完成: 2026-02-23, 9个ETF, 1个独立行情
2026-03-12 22:42:41,158 - __main__ - INFO - 计算: 2026-02-24
2026-03-12 22:42:41,342 - __main__ - INFO - 基准数据已保存: data/etf_benchmarks.json, 总记录数: 99
2026-03-12 22:42:41,342 - __main__ - INFO - ✅ 完成: 2026-02-24, 9个ETF, 1个独立行情
2026-03-12 22:42:41,342 - __main__ - INFO - 计算: 2026-02-25
2026-03-12 22:42:41,531 - __main__ - INFO - 基准数据已保存: data/etf_benchmarks.json, 总记录数: 108
2026-03-12 22:42:41,531 - __main__ - INFO - ✅ 完成: 2026-02-25, 9个ETF, 1个独立行情
2026-03-12 22:42:41,531 - __main__ - INFO - 计算: 2026-02-26
2026-03-12 22:42:41,713 - __main__ - INFO - 基准数据已保存: data/etf_benchmarks.json, 总记录数: 117
2026-03-12 22:42:41,713 - __main__ - INFO - ✅ 完成: 2026-02-26, 9个ETF, 1个独立行情
2026-03-12 22:42:41,713 - __main__ - INFO - 计算: 2026-02-27
2026-03-12 22:42:41,897 - __main__ - INFO - 基准数据已保存: data/etf_benchmarks.json, 总记录数: 126
2026-03-12 22:42:41,897 - __main__ - INFO - ✅ 完成: 2026-02-27, 9个ETF, 1个独立行情
2026-03-12 22:42:41,897 - __main__ - INFO - 计算: 2026-03-02
2026-03-12 22:42:42,084 - __main__ - INFO - 基准数据已保存: data/etf_benchmarks.json, 总记录数: 135
2026-03-12 22:42:42,084 - __main__ - INFO - ✅ 完成: 2026-03-02, 9个ETF, 1个独立行情
2026-03-12 22:42:42,084 - __main__ - INFO - 计算: 2026-03-03
2026-03-12 22:42:42,272 - __main__ - INFO - 基准数据已保存: data/etf_benchmarks.json, 总记录数: 144
2026-03-12 22:42:42,272 - __main__ - INFO - ✅ 完成: 2026-03-03, 9个ETF, 1个独立行情
2026-03-12 22:42:42,272 - __main__ - INFO - 计算: 2026-03-04
2026-03-12 22:42:42,452 - __main__ - INFO - 基准数据已保存: data/etf_benchmarks.json, 总记录数: 153
2026-03-12 22:42:42,452 - __main__ - INFO - ✅ 完成: 2026-03-04, 9个ETF, 1个独立行情
2026-03-12 22:42:42,452 - __main__ - INFO - 计算: 2026-03-05
2026-03-12 22:42:42,666 - __main__ - INFO - 基准数据已保存: data/etf_benchmarks.json, 总记录数: 162
2026-03-12 22:42:42,666 - __main__ - INFO - ✅ 完成: 2026-03-05, 9个ETF, 1个独立行情
2026-03-12 22:42:42,666 - __main__ - INFO - 计算: 2026-03-06
2026-03-12 22:42:42,851 - __main__ - INFO - 基准数据已保存: data/etf_benchmarks.json, 总记录数: 171
2026-03-12 22:42:42,851 - __main__ - INFO - ✅ 完成: 2026-03-06, 9个ETF, 1个独立行情
2026-03-12 22:42:42,851 - __main__ - INFO - 计算: 2026-03-09
2026-03-12 22:42:43,047 - __main__ - INFO - 基准数据已保存: data/etf_benchmarks.json, 总记录数: 180
2026-03-12 22:42:43,047 - __main__ - INFO - ✅ 完成: 2026-03-09, 9个ETF, 1个独立行情
2026-03-12 22:42:43,047 - __main__ - INFO - 计算: 2026-03-10
2026-03-12 22:42:43,231 - __main__ - INFO - 基准数据已保存: data/etf_benchmarks.json, 总记录数: 189
2026-03-12 22:42:43,231 - __main__ - INFO - ✅ 完成: 2026-03-10, 9个ETF, 1个独立行情
2026-03-12 22:42:43,231 - __main__ - INFO - 计算: 2026-03-11
2026-03-12 22:42:43,410 - __main__ - INFO - 基准数据已保存: data/etf_benchmarks.json, 总记录数: 198
2026-03-12 22:42:43,410 - __main__ - INFO - ✅ 完成: 2026-03-11, 9个ETF, 1个独立行情
2026-03-12 22:42:43,410 - __main__ - INFO - 计算: 2026-03-12
2026-03-12 22:42:43,587 - __main__ - INFO - 基准数据已保存: data/etf_benchmarks.json, 总记录数: 207
2026-03-12 22:42:43,587 - __main__ - INFO - ✅ 完成: 2026-03-12, 9个ETF, 1个独立行情
