[2026-03-23 15:51:28] [INFO] ============================================================
[2026-03-23 15:51:28] [INFO] 数据接口探测工具
[2026-03-23 15:51:28] [INFO] 当前时间: 2026-03-23 15:51:28
[2026-03-23 15:51:28] [INFO] 时间段: 盘后
[2026-03-23 15:51:28] [INFO] 期望数据日期: 2026-03-23
[2026-03-23 15:51:28] [INFO] ============================================================
[2026-03-23 15:51:28] [INFO] ============================================================
[2026-03-23 15:51:28] [INFO] 检查：大盘指数分时
[2026-03-23 15:51:28] [INFO] 说明：上证/深证/创业板/科创/沪深300
[2026-03-23 15:51:28] [INFO] ============================================================
[2026-03-23 15:51:28] [WARN]   ⏭️  新浪分时: 跳过 (不在交易时段（当前盘后）)
[2026-03-23 15:51:28] [INFO] 
文件验证：
[2026-03-23 15:51:28] [INFO]   期望数据日期: 2026-03-23 (盘后)
[2026-03-23 15:51:28] [SUCCESS]   ✅ 找到 12 个分时文件
[2026-03-23 15:51:28] [INFO]     - minute-20260323-bank.jsonl: 4419 bytes
[2026-03-23 15:51:28] [INFO]     - minute-20260323-broker.jsonl: 4880 bytes
[2026-03-23 15:51:28] [INFO]     - minute-20260323-csi2000.jsonl: 4413 bytes
[2026-03-23 15:51:28] [INFO]     - minute-20260323-gem.jsonl: 4453 bytes
[2026-03-23 15:51:28] [INFO]     - minute-20260323-gov.jsonl: 35 bytes
[2026-03-23 15:51:28] [INFO] ============================================================
[2026-03-23 15:51:28] [INFO] 检查：ETF日线（关注ETF）
[2026-03-23 15:51:28] [INFO] 说明：9个ETF：半导体、云计算、新能源、商业航天、创新药、有色金属、通讯设备、游戏、机器人
[2026-03-23 15:51:28] [INFO] ============================================================
[2026-03-23 15:51:28] [INFO]   测试 新浪ETF_akshare...
[2026-03-23 15:51:28] [ERROR]     ❌ 失败 (module 'akshare' has no attribute 'ak')
[2026-03-23 15:51:28] [INFO] 
文件验证：
[2026-03-23 15:51:28] [INFO]   期望数据日期: 2026-03-23 (盘后)
[2026-03-23 15:51:28] [WARN]   ⚠️  etf_512400.jsonl: 最新 2026-03-20 (期望 2026-03-23)
[2026-03-23 15:51:28] [WARN]   ⚠️  etf_512480.jsonl: 最新 2026-03-20 (期望 2026-03-23)
[2026-03-23 15:51:28] [WARN]   ⚠️  etf_515120.jsonl: 最新 2026-03-20 (期望 2026-03-23)
[2026-03-23 15:51:28] [WARN]   ⚠️  etf_515880.jsonl: 最新 2026-03-20 (期望 2026-03-23)
[2026-03-23 15:51:28] [WARN]   ⚠️  etf_516010.jsonl: 最新 2026-03-20 (期望 2026-03-23)
[2026-03-23 15:51:28] [INFO] ============================================================
[2026-03-23 15:51:28] [INFO] 检查：大盘指数日线
[2026-03-23 15:51:28] [INFO] 说明：上证/深证/创业板/科创
[2026-03-23 15:51:28] [INFO] ============================================================
[2026-03-23 15:51:28] [INFO]   测试 东财指数日线...
[2026-03-23 15:51:28] [ERROR]     ❌ 失败 (module 'akshare' has no attribute 'ak')
[2026-03-23 15:51:28] [INFO] 
文件验证：
[2026-03-23 15:51:28] [INFO]   期望数据日期: 2026-03-23 (盘后)
[2026-03-23 15:51:28] [INFO] ============================================================
[2026-03-23 15:51:28] [INFO] 检查：涨跌家数
[2026-03-23 15:51:28] [INFO] 说明：全市场上涨/下跌/持平家数
[2026-03-23 15:51:28] [INFO] ============================================================
[2026-03-23 15:51:28] [WARN]   ⏭️  东财akshare: 跳过 (不在交易时段（当前盘后）)
[2026-03-23 15:51:28] [WARN]   ⏭️  腾讯行情: 跳过 (不在交易时段（当前盘后）)
[2026-03-23 15:51:28] [INFO] 
文件验证：
[2026-03-23 15:51:28] [INFO]   期望数据日期: 2026-03-23 (盘后)
[2026-03-23 15:51:28] [INFO] ============================================================
[2026-03-23 15:51:28] [INFO] 检查：ETF成交额
[2026-03-23 15:51:28] [INFO] 说明：全市场ETF成交额
[2026-03-23 15:51:28] [INFO] ============================================================
[2026-03-23 15:51:28] [INFO]   测试 新浪ETF成交额...
[2026-03-23 15:51:28] [ERROR]     ❌ 失败 (HTTP 403)
[2026-03-23 15:51:28] [INFO] 
文件验证：
[2026-03-23 15:51:28] [INFO]   期望数据日期: 2026-03-23 (盘后)
[2026-03-23 15:51:28] [INFO] ============================================================
[2026-03-23 15:51:28] [INFO] 检查：市场成交额
[2026-03-23 15:51:28] [INFO] 说明：全市场日成交额
[2026-03-23 15:51:28] [INFO] ============================================================
[2026-03-23 15:51:28] [INFO]   测试 东财指数历史...
[2026-03-23 15:51:28] [ERROR]     ❌ 失败 (module 'akshare' has no attribute 'ak')
[2026-03-23 15:51:28] [INFO] 
文件验证：
[2026-03-23 15:51:28] [INFO]   期望数据日期: 2026-03-23 (盘后)
[2026-03-23 15:51:28] [INFO] 
结果已保存到: data/data_source_status.json
[2026-03-23 15:51:28] [INFO] 
============================================================
[2026-03-23 15:51:28] [INFO] 接口健康汇总
[2026-03-23 15:51:28] [INFO] ============================================================
[2026-03-23 15:51:28] [INFO] ✅ 大盘指数分时: 0正常, 0失败, 1跳过
[2026-03-23 15:51:28] [INFO] ⚠️ ETF日线（关注ETF）: 0正常, 1失败, 0跳过
[2026-03-23 15:51:28] [INFO] ⚠️ 大盘指数日线: 0正常, 1失败, 0跳过
[2026-03-23 15:51:28] [INFO] ✅ 涨跌家数: 0正常, 0失败, 2跳过
[2026-03-23 15:51:28] [INFO] ⚠️ ETF成交额: 0正常, 1失败, 0跳过
[2026-03-23 15:51:28] [INFO] ⚠️ 市场成交额: 0正常, 1失败, 0跳过
[2026-03-23 15:51:28] [INFO] 
总计: 0正常, 4失败, 3跳过