
================================================================================
📊 日线数据验证报告 - 2026-04-08 11:12:05
================================================================================

📅 检查时段：盘中
📅 期望最新日期：2026-04-07

📊 关注ETF日线
   ✅ 半导体（512480）：最新 2026-04-07（盘中正常）
   ✅ 云计算（516510）：最新 2026-04-07（盘中正常）
   ✅ 新能源（516160）：最新 2026-04-07（盘中正常）
   ✅ 商业航天（563530）：最新 2026-04-07（盘中正常）
   ✅ 创新药（515120）：最新 2026-04-07（盘中正常）
   ✅ 有色金属（512400）：最新 2026-04-07（盘中正常）
   ✅ 通讯设备（515880）：最新 2026-04-07（盘中正常）
   ✅ 游戏（516010）：最新 2026-04-07（盘中正常）
   ✅ 机器人（562500）：最新 2026-04-07（盘中正常）

📊 大盘指数日线
   ✅ 上证指数（000001）：最新 2026-04-07（盘中正常）
   ✅ 深证成指（399001）：最新 2026-04-07（盘中正常）
   ✅ 创业板指（399006）：最新 2026-04-07（盘中正常）
   ✅ 科创板指（000688）：最新 2026-04-07（盘中正常）

📊 市场数据
   ⚠️  涨跌家数：最新 2026-04-08（期望 2026-04-07）
   ✅ 市场成交额：最新 2026-04-07（盘中正常）
   ⚠️  ETF成交额：最新 2026-04-08（期望 2026-04-07）

================================================================================
⚠️  日线数据存在问题
================================================================================
